[
  {
    "rule": "FW.02",
    "line": 35,
    "column": 1
  }
]
