[
  { "rule": "SP.06", "line": 1, "column": 1 }
]
