[
  { "rule": "OR.02", "line": 2, "column": 1 }
]
