[
  { "rule": "OR.01", "line": 2, "column": 1 },
  { "rule": "OR.04", "line": 4, "column": 1 }
]
