[
  { "rule": "FW.06", "line": 3, "column": 1 }
]
