[
  { "rule": "VL.07", "line": 3, "column": 1 },
  { "rule": "FW.06", "line": 4, "column": 1 }
]
