[
  { "rule": "FW.10", "line": 3, "column": 1 }
]
