[
  { "rule": "FW.12", "line": 1, "column": 1 }
]
