[
  { "rule": "SP.01", "line": 1, "column": 1 },
  { "rule": "SP.06", "line": 1, "column": 1 }
]
