[
  { "rule": "FW.14", "line": 2, "column": 1 }
]
