[
  { "rule": "FW.07", "line": 2, "column": 1 }
]
