[
  { "rule": "OR.04", "line": 6, "column": 1 }
]
